
[1m[7m[36m RUN [39m[27m[22m [36mv2.1.9 
[39m[90mF:/proyectos/planificador-vida[39m
 [31mÔØ»[39m tests/plan-build-charge-route.test.ts [2m([22m[2m6 
tests[22m[2m | [22m[31m6 failed[39m[2m)[22m[90m 
22[2mms[22m[39m
[31m   [31m├ù[31m plan build charge route[2m > [22mbloquea el 
build antes del LLM cuando el contexto de ejecucion no puede 
ejecutarse[90m 14[2mms[22m[31m[39m
[31m     ÔåÆ expected { Object (success, error) } to deeply equal 
ObjectContaining{ÔÇª}[39m
[31m   [31m├ù[31m plan build charge route[2m > [22mno cobra 
cuando el build usa recurso del usuario[90m 2[2mms[22m[31m[39m
[31m     ÔåÆ expected "spy" to be called with arguments: [ 
'PLAN_BUILD_STARTED', ÔÇª(1) ][90m
Received: 
[31m[90m
Number of calls: [1m0[22m
[31m[39m
[31m   [31m├ù[31m plan build charge route[2m > [22mno cobra 
cuando el build usa el modo codex sobre credenciales del 
backend[90m 1[2mms[22m[31m[39m
[31m     ÔåÆ expected "spy" to be called with arguments: [ 
'PLAN_BUILD_STARTED', ÔÇª(1) ][90m
Received: 
[31m[90m
Number of calls: [1m0[22m
[31m[39m
[31m   [31m├ù[31m plan build charge route[2m > [22mpersiste el 
chargeId y devuelve cobro pagado cuando el build usa recurso del 
backend[90m 1[2mms[22m[31m[39m
[31m     ÔåÆ expected "spy" to be called with arguments: [ { 
operation: 'plan_build', ÔÇª(5) } ][90m
Received: 
[31m[90m
Number of calls: [1m0[22m
[31m[39m
[31m   [31m├ù[31m plan build charge route[2m > [22mcobra 
tambien cuando el build usa backend-local aunque el modelo sea 
local[90m 1[2mms[22m[31m[39m
[31m     ÔåÆ expected "spy" to be called with arguments: [ { 
operation: 'plan_build', ÔÇª(5) } ][90m
Received: 
[31m[90m
Number of calls: [1m0[22m
[31m[39m
[31m   [31m├ù[31m plan build charge route[2m > [22mbloquea de 
forma explicita un user-local que el backend no puede ejecutar[90m 
1[2mms[22m[31m[39m
[31m     ÔåÆ expected { Object (success, error) } to deeply equal 
ObjectContaining{ÔÇª}[39m
[2m Test Files [22m [1m[31m1 failed[39m[22m[90m (1)[39m
[2m      Tests [22m [1m[31m6 failed[39m[22m[90m (6)[39m
[2m   Start at [22m 15:13:44
[2m   Duration [22m 1.08s[2m (transform 295ms, setup 0ms, collect 
731ms, tests 22ms, environment 0ms, prepare 97ms)[22m


